CCS PCM C Compiler, Version 5.112, 5967               30-Jan-23 22:47

               Filename:   D:\OneDrive - The University of Technology\documents_pnl\DUT\dai_hoc_nam_3\HocKy1\kiThuatViDieuKhien\finaltermMCU\PICC\main.lst

               ROM used:   240 words (3%)
                           Largest free fragment is 2048
               RAM used:   27 (7%) at main() level
                           31 (8%) worst case
               Stack used: 1 locations (0 in main + 1 for interrupts)
               Stack size: 8

*
0000:  MOVLW  00
0001:  MOVWF  0A
0002:  GOTO   0BD
0003:  NOP
0004:  MOVWF  7F
0005:  SWAPF  03,W
0006:  CLRF   03
0007:  MOVWF  21
0008:  MOVF   0A,W
0009:  MOVWF  20
000A:  CLRF   0A
000B:  MOVF   04,W
000C:  MOVWF  22
000D:  MOVF   77,W
000E:  MOVWF  23
000F:  MOVF   78,W
0010:  MOVWF  24
0011:  MOVF   79,W
0012:  MOVWF  25
0013:  MOVF   7A,W
0014:  MOVWF  26
0015:  BCF    03.7
0016:  BCF    03.5
0017:  BTFSS  0B.4
0018:  GOTO   01B
0019:  BTFSC  0B.1
001A:  GOTO   02C
001B:  MOVF   22,W
001C:  MOVWF  04
001D:  MOVF   23,W
001E:  MOVWF  77
001F:  MOVF   24,W
0020:  MOVWF  78
0021:  MOVF   25,W
0022:  MOVWF  79
0023:  MOVF   26,W
0024:  MOVWF  7A
0025:  MOVF   20,W
0026:  MOVWF  0A
0027:  SWAPF  21,W
0028:  MOVWF  03
0029:  SWAPF  7F,F
002A:  SWAPF  7F,W
002B:  RETFIE
002C:  BCF    0A.3
002D:  BCF    0A.4
002E:  GOTO   02F
.................... #include <main.h>
.................... #include <16F877A.h>
.................... //////////// Standard Header file for the PIC16F877A device ////////////////
.................... ///////////////////////////////////////////////////////////////////////////
.................... ////        (C) Copyright 1996, 2020 Custom Computer Services          ////
.................... //// This source code may only be used by licensed users of the CCS C  ////
.................... //// compiler.  This source code may only be distributed to other      ////
.................... //// licensed users of the CCS C compiler.  No other use, reproduction ////
.................... //// or distribution is permitted without written permission.          ////
.................... //// Derivative programs created using this software in object code    ////
.................... //// form are not restricted in any way.                               ////
.................... ///////////////////////////////////////////////////////////////////////////
.................... #device PIC16F877A
*
0068:  MOVF   38,W
0069:  CLRF   78
006A:  SUBWF  37,W
006B:  BTFSC  03.0
006C:  GOTO   070
006D:  MOVF   37,W
006E:  MOVWF  77
006F:  GOTO   07C
0070:  CLRF   77
0071:  MOVLW  08
0072:  MOVWF  39
0073:  RLF    37,F
0074:  RLF    77,F
0075:  MOVF   38,W
0076:  SUBWF  77,W
0077:  BTFSC  03.0
0078:  MOVWF  77
0079:  RLF    78,F
007A:  DECFSZ 39,F
007B:  GOTO   073
007C:  RETURN
.................... 
.................... #list
.................... 
.................... #include <DEF_16F877A.h>
.................... /**
....................   ******************************************************************************
....................   * Ten Tep      :        DEF_16F877A.h
....................   * Tac Gia      :        Nguyen Quy Nhat
....................   * Cong Ty      :        MinhHaGroup
....................   * Website      :        BanLinhKien.Vn
....................   * Phien Ban    :        V1.0.0
....................   * Ngay         :        31-08-2012
....................   * Tom Tat      :        Khai bao, dinh nghia mot so thah ghi cho PIC16F877A
....................   *           
....................   *
....................   ******************************************************************************
....................   * Chu Y      :          
....................   *                          
....................   *                      
....................   ******************************************************************************
....................   */
.................... #ifndef __DEF_16F877A_H
.................... #define __DEF_16F877A_H
.................... #byte PORTA           = 0x05
.................... #byte PORTB           = 0x06
.................... #byte PORTC           = 0x07
.................... #byte PORTD           = 0x08
.................... #byte PORTE           = 0x09
.................... #byte PINA            = 0x05
.................... #byte PINB            = 0x06
.................... #byte PINC            = 0x07
.................... #byte PIND            = 0x08
.................... #byte PINE            = 0x09
.................... //Thanh Ghi Huong
.................... #byte DDRA            = 0x85
.................... #byte DDRB            = 0x86
.................... #byte DDRC            = 0x87
.................... #byte DDRD            = 0x88
.................... #byte DDRE            = 0x89
.................... /*********************PORTA**********************/
.................... #bit PORTA_5          = PORTA.5
.................... #bit PORTA_4          = PORTA.4
.................... #bit PORTA_3          = PORTA.3
.................... #bit PORTA_2          = PORTA.2
.................... #bit PORTA_1          = PORTA.1
.................... #bit PORTA_0          = PORTA.0
.................... #bit PINA_0           = PINA.0
.................... #bit PINA_1           = PINA.1
.................... #bit PINA_2           = PINA.2
.................... #bit PINA_3           = PINA.3
.................... #bit PINA_4           = PINA.4
.................... #bit PINA_5           = PINA.5
.................... #bit DDRA_0           = DDRA.0
.................... #bit DDRA_1           = DDRA.1
.................... #bit DDRA_2           = DDRA.2
.................... #bit DDRA_3           = DDRA.3
.................... #bit DDRA_4           = DDRA.4
.................... /*********************PORTB**********************/
.................... #bit PORTB_7          = PORTB.7
.................... #bit PORTB_6          = PORTB.6
.................... #bit PORTB_5          = PORTB.5
.................... #bit PORTB_4          = PORTB.4
.................... #bit PORTB_3          = PORTB.3
.................... #bit PORTB_2          = PORTB.2
.................... #bit PORTB_1          = PORTB.1
.................... #bit PORTB_0          = PORTB.0
.................... #bit PINB_7           = PINB.7
.................... #bit PINB_6           = PINB.6
.................... #bit PINB_5           = PINB.5
.................... #bit PINB_4           = PINB.4
.................... #bit PINB_3           = PINB.3
.................... #bit PINB_2           = PINB.2
.................... #bit PINB_1           = PINB.1
.................... #bit PINB_0           = PINB.0
.................... #bit DDRB_0           = DDRB.0
.................... #bit DDRB_1           = DDRB.1
.................... #bit DDRB_2           = DDRB.2
.................... #bit DDRB_3           = DDRB.3
.................... #bit DDRB_4           = DDRB.4
.................... #bit DDRB_5           = DDRB.5
.................... #bit DDRB_6           = DDRB.6
.................... #bit DDRB_7           = DDRB.7
.................... /*********************PORTC**********************/
.................... #bit PORTC_7          = PORTC.7
.................... #bit PORTC_6          = PORTC.6
.................... #bit PORTC_5          = PORTC.5
.................... #bit PORTC_4          = PORTC.4
.................... #bit PORTC_3          = PORTC.3
.................... #bit PORTC_2          = PORTC.2
.................... #bit PORTC_1          = PORTC.1
.................... #bit PORTC_0          = PORTC.0
.................... #bit PINC_7           = PINC.7
.................... #bit PINC_6           = PINC.6
.................... #bit PINC_5           = PINC.5
.................... #bit PINC_4           = PINC.4
.................... #bit PINC_3           = PINC.3
.................... #bit PINC_2           = PINC.2
.................... #bit PINC_1           = PINC.1
.................... #bit PINC_0           = PINC.0
.................... #bit DDRC_0           = DDRC.0
.................... #bit DDRC_1           = DDRC.1
.................... #bit DDRC_2           = DDRC.2
.................... #bit DDRC_3           = DDRC.3
.................... #bit DDRC_4           = DDRC.4
.................... #bit DDRC_5           = DDRC.5
.................... #bit DDRC_6           = DDRC.6
.................... #bit DDRC_7           = DDRC.7
.................... /*********************PORTD**********************/
.................... #bit PORTD_7          = PORTD.7
.................... #bit PORTD_6          = PORTD.6
.................... #bit PORTD_5          = PORTD.5
.................... #bit PORTD_4          = PORTD.4
.................... #bit PORTD_3          = PORTD.3
.................... #bit PORTD_2          = PORTD.2
.................... #bit PORTD_1          = PORTD.1
.................... #bit PORTD_0          = PORTD.0
.................... #bit PIND_7           = PIND.7
.................... #bit PIND_6           = PIND.6
.................... #bit PIND_5           = PIND.5
.................... #bit PIND_4           = PIND.4
.................... #bit PIND_3           = PIND.3
.................... #bit PIND_2           = PIND.2
.................... #bit PIND_1           = PIND.1
.................... #bit PIND_0           = PIND.0
.................... #bit DDRD_0           = DDRD.0
.................... #bit DDRD_1           = DDRD.1
.................... #bit DDRD_2           = DDRD.2
.................... #bit DDRD_3           = DDRD.3
.................... #bit DDRD_4           = DDRD.4
.................... #bit DDRD_5           = DDRD.5
.................... #bit DDRD_6           = DDRD.6
.................... #bit DDRD_7           = DDRD.7
.................... /*********************PORTE**********************/
.................... #bit PORTE_2          = PORTE.2
.................... #bit PORTE_1          = PORTE.1
.................... #bit PORTE_0          = PORTE.0
.................... #bit PINE_2           = PINE.2
.................... #bit PINE_1           = PINE.1
.................... #bit PINE_0           = PINE.0
.................... #bit DDRE_0           = DDRE.0
.................... #bit DDRE_1           = DDRE.1
.................... #bit DDRE_2           = DDRE.2
.................... #ifndef DDR_OUT
....................     #define DDR_OUT     0
.................... #endif
.................... #ifndef DDR_IN
....................     #define DDR_IN      1
.................... #endif
.................... #endif
.................... /******************************KET THUC FILE******************************
.................... ______________________________NGUYEN QUY NHAT______________________________*/
.................... 
.................... 
.................... #device ADC=10
.................... #use delay(crystal=20000000)
.................... #fuses NOWDT, HS, NOLVP, NOPUT, NOPROTECT, NODEBUG, NOBROWNOUT, NOCPD, NOWRT
.................... 
.................... 
.................... 
.................... unsigned int8 seg7ledca[10] = {0xC0, 0xF9, 0xA4, 0xB0, 0x99, 0x92, 0x82, 0xF8, 0x80, 0x90};//7 segment led code common anode
*
00CA:  MOVLW  C0
00CB:  BCF    03.5
00CC:  MOVWF  27
00CD:  MOVLW  F9
00CE:  MOVWF  28
00CF:  MOVLW  A4
00D0:  MOVWF  29
00D1:  MOVLW  B0
00D2:  MOVWF  2A
00D3:  MOVLW  99
00D4:  MOVWF  2B
00D5:  MOVLW  92
00D6:  MOVWF  2C
00D7:  MOVLW  82
00D8:  MOVWF  2D
00D9:  MOVLW  F8
00DA:  MOVWF  2E
00DB:  MOVLW  80
00DC:  MOVWF  2F
00DD:  MOVLW  90
00DE:  MOVWF  30
.................... 
.................... unsigned int8 n = 0;
.................... unsigned int8 on_lamp = 0;
.................... unsigned int8 i;
.................... unsigned int16 t;
.................... //=========================declare function====================================
.................... void init_pin(void)
.................... {
.................... // set up port
....................    DDRB_1 = 0;
*
003D:  BSF    03.5
003E:  BCF    06.1
....................    DDRB_2 = 0;
003F:  BCF    06.2
....................    DDRB_3 = 0;
0040:  BCF    06.3
....................    DDRB_4 = 0;
0041:  BCF    06.4
....................    DDRC = 0x00;
0042:  CLRF   07
....................    DDRD = 0x00;
0043:  CLRF   08
0044:  BCF    03.5
0045:  BCF    0A.3
0046:  BCF    0A.4
0047:  GOTO   0E0 (RETURN)
.................... }
.................... 
.................... void init_int_ext(void);//init interrupt external
.................... 
.................... void status_on_off(unsigned int8 n);
.................... 
.................... void display_on_seg7led(unsigned int8 n);//export 7 segment led
.................... 
.................... void delay_timer0(unsigned int16 t);// delay timer 0
.................... 
.................... void on_off_lamp(void);
.................... 
.................... 
.................... //=====================declare interrupt program===============================
.................... #INT_EXT
.................... void _int_ext(void)
.................... {
....................    clear_interrupt(INT_EXT);
*
002F:  BCF    0B.1
....................    disable_interrupts(GLOBAL);
0030:  BCF    0B.6
0031:  BCF    0B.7
0032:  BTFSC  0B.7
0033:  GOTO   031
....................    //begin interrupt external program
....................    n++;
0034:  INCF   31,F
....................    on_lamp = 1;
0035:  MOVLW  01
0036:  MOVWF  32
....................    //end interrupt external program
....................    enable_interrupts(GLOBAL);
0037:  MOVLW  C0
0038:  IORWF  0B,F
0039:  BCF    0B.1
003A:  BCF    0A.3
003B:  BCF    0A.4
003C:  GOTO   01B
.................... }
.................... 
.................... //===========================main program======================================
.................... void main()
*
00BD:  MOVF   03,W
00BE:  ANDLW  1F
00BF:  MOVWF  03
00C0:  CLRF   31
00C1:  CLRF   32
00C2:  BSF    03.5
00C3:  BSF    1F.0
00C4:  BSF    1F.1
00C5:  BSF    1F.2
00C6:  BCF    1F.3
00C7:  MOVLW  07
00C8:  MOVWF  1C
00C9:  BCF    03.7
.................... {
....................    init_pin();
*
00DF:  GOTO   03D
....................    init_int_ext();
00E0:  GOTO   048
....................    
....................    setup_timer_0(T0_INTERNAL|T0_DIV_4);//set timer 0
00E1:  BSF    03.5
00E2:  MOVF   01,W
00E3:  ANDLW  C0
00E4:  IORLW  01
00E5:  MOVWF  01
....................    
....................    while(TRUE)
....................    {
....................       status_on_off(n);
00E6:  BCF    03.5
00E7:  MOVF   31,W
00E8:  MOVWF  36
00E9:  GOTO   052
....................       display_on_seg7led(n);
00EA:  MOVF   31,W
00EB:  MOVWF  36
00EC:  CALL   07D
....................       on_off_lamp();
00ED:  GOTO   094
00EE:  GOTO   0E7
....................    }
.................... 
.................... }
.................... 
00EF:  SLEEP
.................... //==================================function===================================
.................... void init_int_ext(void)
.................... {
....................    DDRB_0 = 1;
*
0048:  BSF    03.5
0049:  BSF    06.0
....................    ext_int_edge(L_TO_H);
004A:  BSF    01.6
....................    enable_interrupts(INT_EXT);
004B:  BCF    03.5
004C:  BSF    0B.4
....................    enable_interrupts(GLOBAL);
004D:  MOVLW  C0
004E:  IORWF  0B,F
004F:  BCF    0A.3
0050:  BCF    0A.4
0051:  GOTO   0E1 (RETURN)
.................... }
.................... 
.................... void status_on_off(unsigned int8 n)
.................... {
....................    if(n < 10)
0052:  MOVF   36,W
0053:  SUBLW  09
0054:  BTFSS  03.0
0055:  GOTO   05A
....................    {
....................       PORTB_1 = 1;
0056:  BSF    06.1
....................       PORTB_2 = 0;
0057:  BCF    06.2
....................       PORTB_3 = 0;
0058:  BCF    06.3
....................    }
0059:  GOTO   065
....................    else if(n < 20)
005A:  MOVF   36,W
005B:  SUBLW  13
005C:  BTFSS  03.0
005D:  GOTO   062
....................    {
....................       PORTB_1 = 0;
005E:  BCF    06.1
....................       PORTB_2 = 1;
005F:  BSF    06.2
....................       PORTB_3 = 0;
0060:  BCF    06.3
....................    }
0061:  GOTO   065
....................    else
....................    {
....................       PORTB_1 = 0;
0062:  BCF    06.1
....................       PORTB_2 = 0;
0063:  BCF    06.2
....................       PORTB_3 = 1;
0064:  BSF    06.3
....................    }
0065:  BCF    0A.3
0066:  BCF    0A.4
0067:  GOTO   0EA (RETURN)
.................... }
.................... 
.................... void display_on_seg7led(unsigned int8 n)
.................... {
....................    PORTC = seg7ledca[n/10];
*
007D:  MOVF   36,W
007E:  MOVWF  37
007F:  MOVLW  0A
0080:  MOVWF  38
0081:  CALL   068
0082:  MOVLW  27
0083:  ADDWF  78,W
0084:  MOVWF  04
0085:  BCF    03.7
0086:  MOVF   00,W
0087:  MOVWF  07
....................    PORTD = seg7ledca[n%10];
0088:  MOVF   36,W
0089:  MOVWF  37
008A:  MOVLW  0A
008B:  MOVWF  38
008C:  CALL   068
008D:  MOVLW  27
008E:  ADDWF  77,W
008F:  MOVWF  04
0090:  BCF    03.7
0091:  MOVF   00,W
0092:  MOVWF  08
0093:  RETURN
.................... }
.................... 
.................... void delay_timer0(unsigned int16 t)
.................... {
....................    do
....................    {
....................       for(i = 0; i < 5; i++)
*
00A0:  CLRF   33
00A1:  MOVF   33,W
00A2:  SUBLW  04
00A3:  BTFSS  03.0
00A4:  GOTO   0AD
....................       {
....................          set_timer0(5);//initial count value
00A5:  MOVLW  05
00A6:  MOVWF  01
....................          // T = 4 * (1 / Fosc) * Prescaler
....................          while(get_timer0() < 255);
00A7:  MOVF   01,W
00A8:  SUBLW  FF
00A9:  BTFSS  03.2
00AA:  GOTO   0A7
00AB:  INCF   33,F
00AC:  GOTO   0A1
....................       }
....................       t--;
00AD:  MOVF   36,W
00AE:  BTFSC  03.2
00AF:  DECF   37,F
00B0:  DECF   36,F
....................    }
....................    while(t != 0);
00B1:  MOVF   36,F
00B2:  BTFSS  03.2
00B3:  GOTO   0A0
00B4:  MOVF   37,F
00B5:  BTFSS  03.2
00B6:  GOTO   0A0
.................... }
.................... 
.................... void on_off_lamp(void)
.................... {
....................    if(on_lamp)
*
0094:  MOVF   32,F
0095:  BTFSC  03.2
0096:  GOTO   0B9
....................    {
....................       on_lamp = 0;
0097:  CLRF   32
....................       PORTB_4 = 1;
0098:  BSF    06.4
....................       display_on_seg7led(n);
0099:  MOVF   31,W
009A:  MOVWF  36
009B:  CALL   07D
....................       delay_timer0(1000);
009C:  MOVLW  03
009D:  MOVWF  37
009E:  MOVLW  E8
009F:  MOVWF  36
....................       PORTB_4 = 0;
*
00B7:  BCF    06.4
....................    }
00B8:  GOTO   0BA
....................    else
....................    {
....................       PORTB_4 = 0;
00B9:  BCF    06.4
....................    }
00BA:  BCF    0A.3
00BB:  BCF    0A.4
00BC:  GOTO   0EE (RETURN)
.................... }
.................... 

Configuration Fuses:
   Word  1: 3F3A   HS NOWDT NOPUT NOBROWNOUT NOLVP NOCPD NOWRT NODEBUG NOPROTECT
